// Jest Snapshot v1, https://goo.gl/fbAQLP

exports[`Search field renders 1`] = `
Array [
  <div
    className="makeStyles-search-1"
    id="search"
  >
    <div
      className="MuiInputBase-root MuiInputBase-adornedStart"
      onClick={[Function]}
      onKeyPress={[Function]}
    >
      <div
        className="MuiInputAdornment-root MuiInputAdornment-positionStart"
      >
        <svg
          aria-hidden={true}
          className="MuiSvgIcon-root MuiSvgIcon-colorPrimary"
          focusable="false"
          viewBox="0 0 24 24"
        >
          <path
            d="M15.5 14h-.79l-.28-.27C15.41 12.59 16 11.11 16 9.5 16 5.91 13.09 3 9.5 3S3 5.91 3 9.5 5.91 16 9.5 16c1.61 0 3.09-.59 4.23-1.57l.27.28v.79l5 4.99L20.49 19l-4.99-5zm-6 0C7.01 14 5 11.99 5 9.5S7.01 5 9.5 5 14 7.01 14 9.5 11.99 14 9.5 14z"
          />
        </svg>
      </div>
      <input
        className="MuiInputBase-input MuiInputBase-inputAdornedStart"
        onAnimationStart={[Function]}
        onBlur={[Function]}
        onChange={[Function]}
        onFocus={[Function]}
        placeholder="Search..."
        type="text"
        value=""
      />
    </div>
  </div>,
  <div
    className="MuiFormControl-root"
  >
    <div
      className="MuiInputBase-root WithStyles(ForwardRef(InputBase))-root-4 makeStyles-searchFilter-3 MuiInputBase-formControl"
      onClick={[Function]}
    >
      <div
        aria-haspopup="listbox"
        aria-labelledby="search.searchFilterMenu"
        className="MuiSelect-root MuiSelect-select MuiSelect-selectMenu MuiSelect-outlined MuiInputBase-input WithStyles(ForwardRef(InputBase))-input-5"
        id="search.searchFilterMenu"
        onBlur={[Function]}
        onFocus={[Function]}
        onKeyDown={[Function]}
        onMouseDown={[Function]}
        role="button"
        tabIndex={0}
      >
        All
      </div>
      <input
        aria-hidden={true}
        className="MuiSelect-nativeInput"
        onAnimationStart={[Function]}
        onChange={[Function]}
        required={false}
        tabIndex={-1}
        value="all"
      />
      <svg
        aria-hidden={true}
        className="MuiSvgIcon-root MuiSelect-icon MuiSelect-iconOutlined"
        focusable="false"
        viewBox="0 0 24 24"
      >
        <path
          d="M7 10l5 5 5-5z"
        />
      </svg>
    </div>
  </div>,
]
`;
